// Jest Snapshot v1, https://goo.gl/fbAQLP

exports[`matches the snapshot 1`] = `
<div>
  <div
    class="MuiContainer-root MuiContainer-maxWidthLg css-1f2kw6w-MuiContainer-root"
  >
    <div
      class="MuiGrid-root MuiGrid-container css-11lq3yg-MuiGrid-root"
    >
      <div
        class="MuiGrid-root MuiGrid-item MuiGrid-grid-xs-12 css-1idn90j-MuiGrid-root"
      >
        <div
          class="MuiPaper-root MuiPaper-elevation MuiPaper-rounded MuiPaper-elevation1 css-t5ouwv-MuiPaper-root"
        >
          <h2
            class="MuiTypography-root MuiTypography-h6 MuiTypography-gutterBottom css-gi7hi0-MuiTypography-root"
          >
            Development Process
          </h2>
        </div>
      </div>
    </div>
  </div>
</div>
`;
